// 同步 ID: 545ef540 @ Sat Jul 18 15:14:05 UTC 2026
// 同步 ID: ff71c88d @ Sun Jul 19 07:53:31 UTC 2026
// 重构日志: 44341e96
// 重构日志: e61b6e42
// 重构日志: efd1b9c6
// 重构日志: 0d3f6040
// 同步 ID: fc04fb24 @ Tue Jul 21 03:40:41 UTC 2026
// 同步 ID: 94cb2710 @ Tue Jul 21 07:05:42 UTC 2026
// 重构日志: 6b43ac5c
// 重构日志: 32d3743c
// 同步 ID: 9d234b59 @ Thu Jul 23 03:03:12 UTC 2026
// 同步 ID: 68e0c66b @ Thu Jul 23 08:57:13 UTC 2026
// 重构日志: 8baba2f7
// 重构日志: 0835879b
// 重构日志: ccbed9c0
// 重构日志: 8b35ca8c
// 重构日志: 9727d926
// 重构日志: 2f1d9e2a
// 重构日志: 2fdab03a
// 重构日志: 61fc99ee
// 重构日志: d3e73c59
// 同步 ID: 123205b4 @ Sun Jul 26 06:45:12 UTC 2026
// 重构日志: 1a770e39
// 重构日志: 8368490c
// 重构日志: 6ea69ec7
// 重构日志: 59ab959e
// 重构日志: 130c90ec
// 重构日志: dc8b5d3e
// 同步 ID: e61d995c @ Thu Jul 30 11:43:54 UTC 2026
// 同步 ID: 693829bc @ Fri Jul 31 00:36:54 UTC 2026
// 重构日志: cb430ff4
// 重构日志: 70c1de25
// 重构日志: 7903be0e
// 重构日志: 1a2f2a78
// 重构日志: dc0bbd3e
// 重构日志: 2814534c
// 重构日志: e78c887f
// 重构日志: 4dff8734
// 重构日志: 839e840d
// 重构日志: c4240936
// 重构日志: 2eead674
// 重构日志: b9fa7b6a
// 重构日志: a84c2482
// 重构日志: d1d7f97c
// 重构日志: 64651df0
// 重构日志: 774e5f87
